// Jest Snapshot v1, https://goo.gl/fbAQLP

exports[`EATMulticall gas cost of pay w/ multicall 1`] = `87617`;

exports[`EATMulticall gas cost of pay w/o multicall 1`] = `43364`;
