// Jest Snapshot v1, https://goo.gl/fbAQLP

exports[`MockSwapRouter bytecode size 1`] = `15922`;
