// Jest Snapshot v1, https://goo.gl/fbAQLP

exports[`NFTDescriptor #constructTokenURI gas 1`] = `1632440`;

exports[`NFTDescriptor #constructTokenURI snapshot matches 1`] = `"data:application/json;base64,eyJuYW1lIjoiTWF1dmUgLSAwLjA1JSAtIFVOSS9XRVRIIC0gMS4wMDAwPD4xLjEwNTIiLCAiZGVzY3JpcHRpb24iOiJUaGlzIE5GVCByZXByZXNlbnRzIGEgbGlxdWlkaXR5IHBvc2l0aW9uIGluIGEgTWF1dmUgVU5JLVdFVEggcG9vbC4gVGhlIG93bmVyIG9mIHRoaXMgTkZUIGNhbiBtb2RpZnkgb3IgcmVkZWVtIHRoZSBwb3NpdGlvbi5cblxuUG9vbCBBZGRyZXNzOiAweGJiYmJiYmJiYmJiYmJiYmJiYmJiYmJiYmJiYmJiYmJiYmJiYmJiYmJcblVOSSBBZGRyZXNzOiAweGFiY2RlYWJjZGVmYWJjZGVmYWJjZGVmYWJjZGVmYWJjZGVmYWJjZGZcbldFVEggQWRkcmVzczogMHgxMjM0NTY3ODkwMTIzNDU2Nzg5MTIzNDU2Nzg5MDEyMzQ1Njc4OTAxXG5GZWUgVGllcjogMC4wNSVcblRva2VuIElEOiAxXG5cbuKaoO+4jyBESVNDTEFJTUVSOiBEdWUgZGlsaWdlbmNlIGlzIGltcGVyYXRpdmUgd2hlbiBhc3Nlc3NpbmcgdGhpcyBORlQuIE1ha2Ugc3VyZSB0b2tlbiBhZGRyZXNzZXMgbWF0Y2ggdGhlIGV4cGVjdGVkIHRva2VucywgYXMgdG9rZW4gc3ltYm9scyBtYXkgYmUgaW1pdGF0ZWQuIiwgImltYWdlIjogImRhdGE6aW1hZ2Uvc3ZnK3htbDtiYXNlNjQsUEhOMlp5QjNhV1IwYUQwaU1qa3dJaUJvWldsbmFIUTlJalV3TUNJZ2RtbGxkMEp2ZUQwaU1DQXdJREk1TUNBMU1EQWlJSGh0Ykc1elBTSm9kSFJ3T2k4dmQzZDNMbmN6TG05eVp5OHlNREF3TDNOMlp5SWdlRzFzYm5NNmVHeHBibXM5SjJoMGRIQTZMeTkzZDNjdWR6TXViM0puTHpFNU9Ua3ZlR3hwYm1zblBqeGtaV1p6UGp4bWFXeDBaWElnYVdROUltWXhJajQ4Wm1WSmJXRm5aU0J5WlhOMWJIUTlJbkF3SWlCNGJHbHVhenBvY21WbVBTSmtZWFJoT21sdFlXZGxMM04yWnl0NGJXdzdZbUZ6WlRZMExGQklUakphZVVJellWZFNNR0ZFTUc1TmFtdDNTbmxDYjFwWGJHNWhTRkU1U25wVmQwMURZMmRrYld4c1pEQktkbVZFTUc1TlEwRjNTVVJKTlUxRFFURk5SRUZ1U1Vob2RHSkhOWHBRVTJSdlpFaFNkMDlwT0haa00yUXpURzVqZWt4dE9YbGFlVGg1VFVSQmQwd3pUakphZVdNclVFaEtiRmt6VVdka01teHJaRWRuT1VwNlNUVk5TRUkwU25sQ2IxcFhiRzVoU0ZFNVNucFZkMDFJUWpSS2VVSnRZVmQ0YzFCVFkycFpWMHBxV2tkV2FFcDVPQ3RRUXpsNlpHMWpLeUl2UGp4bVpVbHRZV2RsSUhKbGMzVnNkRDBpY0RFaUlIaHNhVzVyT21oeVpXWTlJbVJoZEdFNmFXMWhaMlV2YzNabkszaHRiRHRpWVhObE5qUXNVRWhPTWxwNVFqTmhWMUl3WVVRd2JrMXFhM2RLZVVKdldsZHNibUZJVVRsS2VsVjNUVU5qWjJSdGJHeGtNRXAyWlVRd2JrMURRWGRKUkVrMVRVTkJNVTFFUVc1SlNHaDBZa2MxZWxCVFpHOWtTRkozVDJrNGRtUXpaRE5NYm1ONlRHMDVlVnA1T0hsTlJFRjNURE5PTWxwNVl5dFFSMDV3WTIxT2MxcFRRbXBsUkRCdVRXcFpORXA1UW1wbFZEQnVUV3BWTVVwNVFubFFVMk40VFdwQ2QyVkRZMmRhYld4ellrUXdia2w2UlhsTmVsRXhUbWxqZGxCcWQzWmpNMXB1VUdjOVBTSXZQanhtWlVsdFlXZGxJSEpsYzNWc2REMGljRElpSUhoc2FXNXJPbWh5WldZOUltUmhkR0U2YVcxaFoyVXZjM1puSzNodGJEdGlZWE5sTmpRc1VFaE9NbHA1UWpOaFYxSXdZVVF3YmsxcWEzZEtlVUp2V2xkc2JtRklVVGxLZWxWM1RVTmpaMlJ0Ykd4a01FcDJaVVF3YmsxRFFYZEpSRWsxVFVOQk1VMUVRVzVKU0doMFlrYzFlbEJUWkc5a1NGSjNUMms0ZG1RelpETk1ibU42VEcwNWVWcDVPSGxOUkVGM1RETk9NbHA1WXl0UVIwNXdZMjFPYzFwVFFtcGxSREJ1VFdwQk1rcDVRbXBsVkRCdVRWUlZlVXA1UW5sUVUyTjRUV3BDZDJWRFkyZGFiV3h6WWtRd2Jra3lXbWhaYlU1cldtbGpkbEJxZDNaak0xcHVVR2M5UFNJZ0x6NDhabVZKYldGblpTQnlaWE4xYkhROUluQXpJaUI0YkdsdWF6cG9jbVZtUFNKa1lYUmhPbWx0WVdkbEwzTjJaeXQ0Yld3N1ltRnpaVFkwTEZCSVRqSmFlVUl6WVZkU01HRkVNRzVOYW10M1NubENiMXBYYkc1aFNGRTVTbnBWZDAxRFkyZGtiV3hzWkRCS2RtVkVNRzVOUTBGM1NVUkpOVTFEUVRGTlJFRnVTVWhvZEdKSE5YcFFVMlJ2WkVoU2QwOXBPSFprTTJRelRHNWpla3h0T1hsYWVUaDVUVVJCZDB3elRqSmFlV01yVUVkT2NHTnRUbk5hVTBKcVpVUXdiazFxVVhkS2VVSnFaVlF3YmsxNlFUSktlVUo1VUZOamVFMUVRbmRsUTJObldtMXNjMkpFTUc1SmVsa3pUMFJyZDAxVFkzWlFhbmQyWXpOYWJsQm5QVDBpSUM4K1BHWmxRbXhsYm1RZ2JXOWtaVDBpYjNabGNteGhlU0lnYVc0OUluQXdJaUJwYmpJOUluQXhJaUF2UGp4bVpVSnNaVzVrSUcxdlpHVTlJbVY0WTJ4MWMybHZiaUlnYVc0eVBTSndNaUlnTHo0OFptVkNiR1Z1WkNCdGIyUmxQU0p2ZG1WeWJHRjVJaUJwYmpJOUluQXpJaUJ5WlhOMWJIUTlJbUpzWlc1a1QzVjBJaUF2UGp4bVpVZGhkWE56YVdGdVFteDFjaUJwYmowaVlteGxibVJQZFhRaUlITjBaRVJsZG1saGRHbHZiajBpTkRJaUlDOCtQQzltYVd4MFpYSStJRHhqYkdsd1VHRjBhQ0JwWkQwaVkyOXlibVZ5Y3lJK1BISmxZM1FnZDJsa2RHZzlJakk1TUNJZ2FHVnBaMmgwUFNJMU1EQWlJSEo0UFNJME1pSWdjbms5SWpReUlpQXZQand2WTJ4cGNGQmhkR2crUEhCaGRHZ2dhV1E5SW5SbGVIUXRjR0YwYUMxaElpQmtQU0pOTkRBZ01USWdTREkxTUNCQk1qZ2dNamdnTUNBd0lERWdNamM0SURRd0lGWTBOakFnUVRJNElESTRJREFnTUNBeElESTFNQ0EwT0RnZ1NEUXdJRUV5T0NBeU9DQXdJREFnTVNBeE1pQTBOakFnVmpRd0lFRXlPQ0F5T0NBd0lEQWdNU0EwTUNBeE1pQjZJaUF2UGp4d1lYUm9JR2xrUFNKdGFXNXBiV0Z3SWlCa1BTSk5Nak0wSURRME5FTXlNelFnTkRVM0xqazBPU0F5TkRJdU1qRWdORFl6SURJMU15QTBOak1pSUM4K1BHWnBiSFJsY2lCcFpEMGlkRzl3TFhKbFoybHZiaTFpYkhWeUlqNDhabVZIWVhWemMybGhia0pzZFhJZ2FXNDlJbE52ZFhKalpVZHlZWEJvYVdNaUlITjBaRVJsZG1saGRHbHZiajBpTWpRaUlDOCtQQzltYVd4MFpYSStQR3hwYm1WaGNrZHlZV1JwWlc1MElHbGtQU0puY21Ga0xYVndJaUI0TVQwaU1TSWdlREk5SWpBaUlIa3hQU0l4SWlCNU1qMGlNQ0krUEhOMGIzQWdiMlptYzJWMFBTSXdMakFpSUhOMGIzQXRZMjlzYjNJOUluZG9hWFJsSWlCemRHOXdMVzl3WVdOcGRIazlJakVpSUM4K1BITjBiM0FnYjJabWMyVjBQU0l1T1NJZ2MzUnZjQzFqYjJ4dmNqMGlkMmhwZEdVaUlITjBiM0F0YjNCaFkybDBlVDBpTUNJZ0x6NDhMMnhwYm1WaGNrZHlZV1JwWlc1MFBqeHNhVzVsWVhKSGNtRmthV1Z1ZENCcFpEMGlaM0poWkMxa2IzZHVJaUI0TVQwaU1DSWdlREk5SWpFaUlIa3hQU0l3SWlCNU1qMGlNU0krUEhOMGIzQWdiMlptYzJWMFBTSXdMakFpSUhOMGIzQXRZMjlzYjNJOUluZG9hWFJsSWlCemRHOXdMVzl3WVdOcGRIazlJakVpSUM4K1BITjBiM0FnYjJabWMyVjBQU0l3TGpraUlITjBiM0F0WTI5c2IzSTlJbmRvYVhSbElpQnpkRzl3TFc5d1lXTnBkSGs5SWpBaUlDOCtQQzlzYVc1bFlYSkhjbUZrYVdWdWRENDhiV0Z6YXlCcFpEMGlabUZrWlMxMWNDSWdiV0Z6YTBOdmJuUmxiblJWYm1sMGN6MGliMkpxWldOMFFtOTFibVJwYm1kQ2IzZ2lQanh5WldOMElIZHBaSFJvUFNJeElpQm9aV2xuYUhROUlqRWlJR1pwYkd3OUluVnliQ2dqWjNKaFpDMTFjQ2tpSUM4K1BDOXRZWE5yUGp4dFlYTnJJR2xrUFNKbVlXUmxMV1J2ZDI0aUlHMWhjMnREYjI1MFpXNTBWVzVwZEhNOUltOWlhbVZqZEVKdmRXNWthVzVuUW05NElqNDhjbVZqZENCM2FXUjBhRDBpTVNJZ2FHVnBaMmgwUFNJeElpQm1hV3hzUFNKMWNtd29JMmR5WVdRdFpHOTNiaWtpSUM4K1BDOXRZWE5yUGp4dFlYTnJJR2xrUFNKdWIyNWxJaUJ0WVhOclEyOXVkR1Z1ZEZWdWFYUnpQU0p2WW1wbFkzUkNiM1Z1WkdsdVowSnZlQ0krUEhKbFkzUWdkMmxrZEdnOUlqRWlJR2hsYVdkb2REMGlNU0lnWm1sc2JEMGlkMmhwZEdVaUlDOCtQQzl0WVhOclBqeHNhVzVsWVhKSGNtRmthV1Z1ZENCcFpEMGlaM0poWkMxemVXMWliMndpUGp4emRHOXdJRzltWm5ObGREMGlNQzQzSWlCemRHOXdMV052Ykc5eVBTSjNhR2wwWlNJZ2MzUnZjQzF2Y0dGamFYUjVQU0l4SWlBdlBqeHpkRzl3SUc5bVpuTmxkRDBpTGprMUlpQnpkRzl3TFdOdmJHOXlQU0ozYUdsMFpTSWdjM1J2Y0MxdmNHRmphWFI1UFNJd0lpQXZQand2YkdsdVpXRnlSM0poWkdsbGJuUStQRzFoYzJzZ2FXUTlJbVpoWkdVdGMzbHRZbTlzSWlCdFlYTnJRMjl1ZEdWdWRGVnVhWFJ6UFNKMWMyVnlVM0JoWTJWUGJsVnpaU0krUEhKbFkzUWdkMmxrZEdnOUlqSTVNSEI0SWlCb1pXbG5hSFE5SWpJd01IQjRJaUJtYVd4c1BTSjFjbXdvSTJkeVlXUXRjM2x0WW05c0tTSWdMejQ4TDIxaGMycytQQzlrWldaelBqeG5JR05zYVhBdGNHRjBhRDBpZFhKc0tDTmpiM0p1WlhKektTSStQSEpsWTNRZ1ptbHNiRDBpWVdKalpHVmhJaUI0UFNJd2NIZ2lJSGs5SWpCd2VDSWdkMmxrZEdnOUlqSTVNSEI0SWlCb1pXbG5hSFE5SWpVd01IQjRJaUF2UGp4eVpXTjBJSE4wZVd4bFBTSm1hV3gwWlhJNklIVnliQ2dqWmpFcElpQjRQU0l3Y0hnaUlIazlJakJ3ZUNJZ2QybGtkR2c5SWpJNU1IQjRJaUJvWldsbmFIUTlJalV3TUhCNElpQXZQaUE4WnlCemRIbHNaVDBpWm1sc2RHVnlPblZ5YkNnamRHOXdMWEpsWjJsdmJpMWliSFZ5S1RzZ2RISmhibk5tYjNKdE9uTmpZV3hsS0RFdU5TazdJSFJ5WVc1elptOXliUzF2Y21sbmFXNDZZMlZ1ZEdWeUlIUnZjRHNpUGp4eVpXTjBJR1pwYkd3OUltNXZibVVpSUhnOUlqQndlQ0lnZVQwaU1IQjRJaUIzYVdSMGFEMGlNamt3Y0hnaUlHaGxhV2RvZEQwaU5UQXdjSGdpSUM4K1BHVnNiR2x3YzJVZ1kzZzlJalV3SlNJZ1kzazlJakJ3ZUNJZ2NuZzlJakU0TUhCNElpQnllVDBpTVRJd2NIZ2lJR1pwYkd3OUlpTXdNREFpSUc5d1lXTnBkSGs5SWpBdU9EVWlJQzgrUEM5blBqeHlaV04wSUhnOUlqQWlJSGs5SWpBaUlIZHBaSFJvUFNJeU9UQWlJR2hsYVdkb2REMGlOVEF3SWlCeWVEMGlORElpSUhKNVBTSTBNaUlnWm1sc2JEMGljbWRpWVNnd0xEQXNNQ3d3S1NJZ2MzUnliMnRsUFNKeVoySmhLREkxTlN3eU5UVXNNalUxTERBdU1pa2lJQzgrUEM5blBqeDBaWGgwSUhSbGVIUXRjbVZ1WkdWeWFXNW5QU0p2Y0hScGJXbDZaVk53WldWa0lqNDhkR1Y0ZEZCaGRHZ2djM1JoY25SUFptWnpaWFE5SWkweE1EQWxJaUJtYVd4c1BTSjNhR2wwWlNJZ1ptOXVkQzFtWVcxcGJIazlJaWREYjNWeWFXVnlJRTVsZHljc0lHMXZibTl6Y0dGalpTSWdabTl1ZEMxemFYcGxQU0l4TUhCNElpQjRiR2x1YXpwb2NtVm1QU0lqZEdWNGRDMXdZWFJvTFdFaVBqQjRNVEl6TkRVMk56ZzVNREV5TXpRMU5qYzRPVEV5TXpRMU5qYzRPVEF4TWpNME5UWTNPRGt3TVNEaWdLSWdWMFZVU0NBOFlXNXBiV0YwWlNCaFpHUnBkR2wyWlQwaWMzVnRJaUJoZEhSeWFXSjFkR1ZPWVcxbFBTSnpkR0Z5ZEU5bVpuTmxkQ0lnWm5KdmJUMGlNQ1VpSUhSdlBTSXhNREFsSWlCaVpXZHBiajBpTUhNaUlHUjFjajBpTXpCeklpQnlaWEJsWVhSRGIzVnVkRDBpYVc1a1pXWnBibWwwWlNJZ0x6NDhMM1JsZUhSUVlYUm9QaUE4ZEdWNGRGQmhkR2dnYzNSaGNuUlBabVp6WlhROUlqQWxJaUJtYVd4c1BTSjNhR2wwWlNJZ1ptOXVkQzFtWVcxcGJIazlJaWREYjNWeWFXVnlJRTVsZHljc0lHMXZibTl6Y0dGalpTSWdabTl1ZEMxemFYcGxQU0l4TUhCNElpQjRiR2x1YXpwb2NtVm1QU0lqZEdWNGRDMXdZWFJvTFdFaVBqQjRNVEl6TkRVMk56ZzVNREV5TXpRMU5qYzRPVEV5TXpRMU5qYzRPVEF4TWpNME5UWTNPRGt3TVNEaWdLSWdWMFZVU0NBOFlXNXBiV0YwWlNCaFpHUnBkR2wyWlQwaWMzVnRJaUJoZEhSeWFXSjFkR1ZPWVcxbFBTSnpkR0Z5ZEU5bVpuTmxkQ0lnWm5KdmJUMGlNQ1VpSUhSdlBTSXhNREFsSWlCaVpXZHBiajBpTUhNaUlHUjFjajBpTXpCeklpQnlaWEJsWVhSRGIzVnVkRDBpYVc1a1pXWnBibWwwWlNJZ0x6NGdQQzkwWlhoMFVHRjBhRDQ4ZEdWNGRGQmhkR2dnYzNSaGNuUlBabVp6WlhROUlqVXdKU0lnWm1sc2JEMGlkMmhwZEdVaUlHWnZiblF0Wm1GdGFXeDVQU0luUTI5MWNtbGxjaUJPWlhjbkxDQnRiMjV2YzNCaFkyVWlJR1p2Ym5RdGMybDZaVDBpTVRCd2VDSWdlR3hwYm1zNmFISmxaajBpSTNSbGVIUXRjR0YwYUMxaElqNHdlR0ZpWTJSbFlXSmpaR1ZtWVdKalpHVm1ZV0pqWkdWbVlXSmpaR1ZtWVdKalpHVm1ZV0pqWkdZZzRvQ2lJRlZPU1NBOFlXNXBiV0YwWlNCaFpHUnBkR2wyWlQwaWMzVnRJaUJoZEhSeWFXSjFkR1ZPWVcxbFBTSnpkR0Z5ZEU5bVpuTmxkQ0lnWm5KdmJUMGlNQ1VpSUhSdlBTSXhNREFsSWlCaVpXZHBiajBpTUhNaUlHUjFjajBpTXpCeklpQnlaWEJsWVhSRGIzVnVkRDBpYVc1a1pXWnBibWwwWlNJZ0x6NDhMM1JsZUhSUVlYUm9QangwWlhoMFVHRjBhQ0J6ZEdGeWRFOW1abk5sZEQwaUxUVXdKU0lnWm1sc2JEMGlkMmhwZEdVaUlHWnZiblF0Wm1GdGFXeDVQU0luUTI5MWNtbGxjaUJPWlhjbkxDQnRiMjV2YzNCaFkyVWlJR1p2Ym5RdGMybDZaVDBpTVRCd2VDSWdlR3hwYm1zNmFISmxaajBpSTNSbGVIUXRjR0YwYUMxaElqNHdlR0ZpWTJSbFlXSmpaR1ZtWVdKalpHVm1ZV0pqWkdWbVlXSmpaR1ZtWVdKalpHVm1ZV0pqWkdZZzRvQ2lJRlZPU1NBOFlXNXBiV0YwWlNCaFpHUnBkR2wyWlQwaWMzVnRJaUJoZEhSeWFXSjFkR1ZPWVcxbFBTSnpkR0Z5ZEU5bVpuTmxkQ0lnWm5KdmJUMGlNQ1VpSUhSdlBTSXhNREFsSWlCaVpXZHBiajBpTUhNaUlHUjFjajBpTXpCeklpQnlaWEJsWVhSRGIzVnVkRDBpYVc1a1pXWnBibWwwWlNJZ0x6NDhMM1JsZUhSUVlYUm9Qand2ZEdWNGRENDhaeUJ0WVhOclBTSjFjbXdvSTJaaFpHVXRjM2x0WW05c0tTSStQSEpsWTNRZ1ptbHNiRDBpYm05dVpTSWdlRDBpTUhCNElpQjVQU0l3Y0hnaUlIZHBaSFJvUFNJeU9UQndlQ0lnYUdWcFoyaDBQU0l5TURCd2VDSWdMejRnUEhSbGVIUWdlVDBpTnpCd2VDSWdlRDBpTXpKd2VDSWdabWxzYkQwaWQyaHBkR1VpSUdadmJuUXRabUZ0YVd4NVBTSW5RMjkxY21sbGNpQk9aWGNuTENCdGIyNXZjM0JoWTJVaUlHWnZiblF0ZDJWcFoyaDBQU0l5TURBaUlHWnZiblF0YzJsNlpUMGlNelp3ZUNJK1ZVNUpMMWRGVkVnOEwzUmxlSFErUEhSbGVIUWdlVDBpTVRFMWNIZ2lJSGc5SWpNeWNIZ2lJR1pwYkd3OUluZG9hWFJsSWlCbWIyNTBMV1poYldsc2VUMGlKME52ZFhKcFpYSWdUbVYzSnl3Z2JXOXViM053WVdObElpQm1iMjUwTFhkbGFXZG9kRDBpTWpBd0lpQm1iMjUwTFhOcGVtVTlJak0yY0hnaVBqQXVNRFVsUEM5MFpYaDBQand2Wno0OGNtVmpkQ0I0UFNJeE5pSWdlVDBpTVRZaUlIZHBaSFJvUFNJeU5UZ2lJR2hsYVdkb2REMGlORFk0SWlCeWVEMGlNallpSUhKNVBTSXlOaUlnWm1sc2JEMGljbWRpWVNnd0xEQXNNQ3d3S1NJZ2MzUnliMnRsUFNKeVoySmhLREkxTlN3eU5UVXNNalUxTERBdU1pa2lJQzgrUEdjZ2JXRnphejBpZFhKc0tDTm1ZV1JsTFdSdmQyNHBJaUJ6ZEhsc1pUMGlkSEpoYm5ObWIzSnRPblJ5WVc1emJHRjBaU2czTW5CNExERTRPWEI0S1NJK1BISmxZM1FnZUQwaUxURTJjSGdpSUhrOUlpMHhObkI0SWlCM2FXUjBhRDBpTVRnd2NIZ2lJR2hsYVdkb2REMGlNVGd3Y0hnaUlHWnBiR3c5SW01dmJtVWlJQzgrUEhCaGRHZ2daRDBpVFRFZ01VTTVJRGd4SURZMUlERXpOeUF4TkRVZ01UUTFJaUJ6ZEhKdmEyVTlJbkpuWW1Fb01Dd3dMREFzTUM0ektTSWdjM1J5YjJ0bExYZHBaSFJvUFNJek1uQjRJaUJtYVd4c1BTSnViMjVsSWlCemRISnZhMlV0YkdsdVpXTmhjRDBpY205MWJtUWlJQzgrUEM5blBqeG5JRzFoYzJzOUluVnliQ2dqWm1Ga1pTMWtiM2R1S1NJZ2MzUjViR1U5SW5SeVlXNXpabTl5YlRwMGNtRnVjMnhoZEdVb056SndlQ3d4T0Rsd2VDa2lQanh5WldOMElIZzlJaTB4Tm5CNElpQjVQU0l0TVRad2VDSWdkMmxrZEdnOUlqRTRNSEI0SWlCb1pXbG5hSFE5SWpFNE1IQjRJaUJtYVd4c1BTSnViMjVsSWlBdlBqeHdZWFJvSUdROUlrMHhJREZET1NBNE1TQTJOU0F4TXpjZ01UUTFJREUwTlNJZ2MzUnliMnRsUFNKeVoySmhLREkxTlN3eU5UVXNNalUxTERFcElpQm1hV3hzUFNKdWIyNWxJaUJ6ZEhKdmEyVXRiR2x1WldOaGNEMGljbTkxYm1RaUlDOCtQQzluUGp4amFYSmpiR1VnWTNnOUlqY3pjSGdpSUdONVBTSXhPVEJ3ZUNJZ2NqMGlOSEI0SWlCbWFXeHNQU0ozYUdsMFpTSWdMejQ4WTJseVkyeGxJR040UFNJM00zQjRJaUJqZVQwaU1Ua3djSGdpSUhJOUlqSTBjSGdpSUdacGJHdzlJbTV2Ym1VaUlITjBjbTlyWlQwaWQyaHBkR1VpSUM4K0lEeG5JSE4wZVd4bFBTSjBjbUZ1YzJadmNtMDZkSEpoYm5Oc1lYUmxLREk1Y0hnc0lETTROSEI0S1NJK1BISmxZM1FnZDJsa2RHZzlJall6Y0hnaUlHaGxhV2RvZEQwaU1qWndlQ0lnY25nOUlqaHdlQ0lnY25rOUlqaHdlQ0lnWm1sc2JEMGljbWRpWVNnd0xEQXNNQ3d3TGpZcElpQXZQangwWlhoMElIZzlJakV5Y0hnaUlIazlJakUzY0hnaUlHWnZiblF0Wm1GdGFXeDVQU0luUTI5MWNtbGxjaUJPWlhjbkxDQnRiMjV2YzNCaFkyVWlJR1p2Ym5RdGMybDZaVDBpTVRKd2VDSWdabWxzYkQwaWQyaHBkR1VpUGp4MGMzQmhiaUJtYVd4c1BTSnlaMkpoS0RJMU5Td3lOVFVzTWpVMUxEQXVOaWtpUGtsRU9pQThMM1J6Y0dGdVBqRThMM1JsZUhRK1BDOW5QaUE4WnlCemRIbHNaVDBpZEhKaGJuTm1iM0p0T25SeVlXNXpiR0YwWlNneU9YQjRMQ0EwTVRSd2VDa2lQanh5WldOMElIZHBaSFJvUFNJeE1EVndlQ0lnYUdWcFoyaDBQU0l5Tm5CNElpQnllRDBpT0hCNElpQnllVDBpT0hCNElpQm1hV3hzUFNKeVoySmhLREFzTUN3d0xEQXVOaWtpSUM4K1BIUmxlSFFnZUQwaU1USndlQ0lnZVQwaU1UZHdlQ0lnWm05dWRDMW1ZVzFwYkhrOUlpZERiM1Z5YVdWeUlFNWxkeWNzSUcxdmJtOXpjR0ZqWlNJZ1ptOXVkQzF6YVhwbFBTSXhNbkI0SWlCbWFXeHNQU0ozYUdsMFpTSStQSFJ6Y0dGdUlHWnBiR3c5SW5KblltRW9NalUxTERJMU5Td3lOVFVzTUM0MktTSStUV2x1SUZScFkyczZJRHd2ZEhOd1lXNCtNRHd2ZEdWNGRENDhMMmMrSUR4bklITjBlV3hsUFNKMGNtRnVjMlp2Y20wNmRISmhibk5zWVhSbEtESTVjSGdzSURRME5IQjRLU0krUEhKbFkzUWdkMmxrZEdnOUlqRXlObkI0SWlCb1pXbG5hSFE5SWpJMmNIZ2lJSEo0UFNJNGNIZ2lJSEo1UFNJNGNIZ2lJR1pwYkd3OUluSm5ZbUVvTUN3d0xEQXNNQzQyS1NJZ0x6NDhkR1Y0ZENCNFBTSXhNbkI0SWlCNVBTSXhOM0I0SWlCbWIyNTBMV1poYldsc2VUMGlKME52ZFhKcFpYSWdUbVYzSnl3Z2JXOXViM053WVdObElpQm1iMjUwTFhOcGVtVTlJakV5Y0hnaUlHWnBiR3c5SW5kb2FYUmxJajQ4ZEhOd1lXNGdabWxzYkQwaWNtZGlZU2d5TlRVc01qVTFMREkxTlN3d0xqWXBJajVOWVhnZ1ZHbGphem9nUEM5MGMzQmhiajR4TURBd1BDOTBaWGgwUGp3dlp6NDhaeUJ6ZEhsc1pUMGlkSEpoYm5ObWIzSnRPblJ5WVc1emJHRjBaU2d5TWpad2VDd2dORE16Y0hncElqNDhjbVZqZENCM2FXUjBhRDBpTXpad2VDSWdhR1ZwWjJoMFBTSXpObkI0SWlCeWVEMGlPSEI0SWlCeWVUMGlPSEI0SWlCbWFXeHNQU0p1YjI1bElpQnpkSEp2YTJVOUluSm5ZbUVvTWpVMUxESTFOU3d5TlRVc01DNHlLU0lnTHo0OGNHRjBhQ0J6ZEhKdmEyVXRiR2x1WldOaGNEMGljbTkxYm1RaUlHUTlJazA0SURsRE9DNHdNREF3TkNBeU1pNDVORGswSURFMkxqSXdPVGtnTWpnZ01qY2dNamdpSUdacGJHdzlJbTV2Ym1VaUlITjBjbTlyWlQwaWQyaHBkR1VpSUM4K1BHTnBjbU5zWlNCemRIbHNaVDBpZEhKaGJuTm1iM0p0T25SeVlXNXpiR0YwWlROa0tERXpjSGdzSURJemNIZ3NJREJ3ZUNraUlHTjRQU0l3Y0hnaUlHTjVQU0l3Y0hnaUlISTlJalJ3ZUNJZ1ptbHNiRDBpZDJocGRHVWlMejQ4TDJjK1BHY2djM1I1YkdVOUluUnlZVzV6Wm05eWJUcDBjbUZ1YzJ4aGRHVW9NakkyY0hnc0lETTVNbkI0S1NJK1BISmxZM1FnZDJsa2RHZzlJak0yY0hnaUlHaGxhV2RvZEQwaU16WndlQ0lnY25nOUlqaHdlQ0lnY25rOUlqaHdlQ0lnWm1sc2JEMGlibTl1WlNJZ2MzUnliMnRsUFNKeVoySmhLREkxTlN3eU5UVXNNalUxTERBdU1pa2lJQzgrUEdjK1BIQmhkR2dnYzNSNWJHVTlJblJ5WVc1elptOXliVHAwY21GdWMyeGhkR1VvTm5CNExEWndlQ2tpSUdROUlrMHhNaUF3VERFeUxqWTFNaklnT1M0MU5qVTROMHd4T0NBeExqWXdOemRNTVRNdU56Z3hPU0F4TUM0eU1UZ3hUREl5TGpNNU1qTWdOa3d4TkM0ME16UXhJREV4TGpNME56aE1NalFnTVRKTU1UUXVORE0wTVNBeE1pNDJOVEl5VERJeUxqTTVNak1nTVRoTU1UTXVOemd4T1NBeE15NDNPREU1VERFNElESXlMak01TWpOTU1USXVOalV5TWlBeE5DNDBNelF4VERFeUlESTBUREV4TGpNME56Z2dNVFF1TkRNME1VdzJJREl5TGpNNU1qTk1NVEF1TWpFNE1TQXhNeTQzT0RFNVRERXVOakEzTnlBeE9FdzVMalUyTlRnM0lERXlMalkxTWpKTU1DQXhNa3c1TGpVMk5UZzNJREV4TGpNME56aE1NUzQyTURjM0lEWk1NVEF1TWpFNE1TQXhNQzR5TVRneFREWWdNUzQyTURjM1RERXhMak0wTnpnZ09TNDFOalU0TjB3eE1pQXdXaUlnWm1sc2JEMGlkMmhwZEdVaUlDOCtQR0Z1YVcxaGRHVlVjbUZ1YzJadmNtMGdZWFIwY21saWRYUmxUbUZ0WlQwaWRISmhibk5tYjNKdElpQjBlWEJsUFNKeWIzUmhkR1VpSUdaeWIyMDlJakFnTVRnZ01UZ2lJSFJ2UFNJek5qQWdNVGdnTVRnaUlHUjFjajBpTVRCeklpQnlaWEJsWVhSRGIzVnVkRDBpYVc1a1pXWnBibWwwWlNJdlBqd3ZaejQ4TDJjK1BDOXpkbWMrIn0="`;

exports[`NFTDescriptor #svgImage matches the current snapshot 1`] = `"<svg width=\\"290\\" height=\\"500\\" viewBox=\\"0 0 290 500\\" xmlns=\\"http://www.w3.org/2000/svg\\" xmlns:xlink='http://www.w3.org/1999/xlink'><defs><filter id=\\"f1\\"><feImage result=\\"p0\\" xlink:href=\\"data:image/svg+xml;base64,PHN2ZyB3aWR0aD0nMjkwJyBoZWlnaHQ9JzUwMCcgdmlld0JveD0nMCAwIDI5MCA1MDAnIHhtbG5zPSdodHRwOi8vd3d3LnczLm9yZy8yMDAwL3N2Zyc+PHJlY3Qgd2lkdGg9JzI5MHB4JyBoZWlnaHQ9JzUwMHB4JyBmaWxsPScjMTIzNDU2Jy8+PC9zdmc+\\"/><feImage result=\\"p1\\" xlink:href=\\"data:image/svg+xml;base64,PHN2ZyB3aWR0aD0nMjkwJyBoZWlnaHQ9JzUwMCcgdmlld0JveD0nMCAwIDI5MCA1MDAnIHhtbG5zPSdodHRwOi8vd3d3LnczLm9yZy8yMDAwL3N2Zyc+PGNpcmNsZSBjeD0nMTkyJyBjeT0nMzI1JyByPScxMjBweCcgZmlsbD0nI2FiY2RlYScvPjwvc3ZnPg==\\"/><feImage result=\\"p2\\" xlink:href=\\"data:image/svg+xml;base64,PHN2ZyB3aWR0aD0nMjkwJyBoZWlnaHQ9JzUwMCcgdmlld0JveD0nMCAwIDI5MCA1MDAnIHhtbG5zPSdodHRwOi8vd3d3LnczLm9yZy8yMDAwL3N2Zyc+PGNpcmNsZSBjeD0nMjQzJyBjeT0nMzYyJyByPScxMjBweCcgZmlsbD0nIzY3ODkwMScvPjwvc3ZnPg==\\" /><feImage result=\\"p3\\" xlink:href=\\"data:image/svg+xml;base64,PHN2ZyB3aWR0aD0nMjkwJyBoZWlnaHQ9JzUwMCcgdmlld0JveD0nMCAwIDI5MCA1MDAnIHhtbG5zPSdodHRwOi8vd3d3LnczLm9yZy8yMDAwL3N2Zyc+PGNpcmNsZSBjeD0nMzcnIGN5PScxMzEnIHI9JzEwMHB4JyBmaWxsPScjZmFiY2RmJy8+PC9zdmc+\\" /><feBlend mode=\\"overlay\\" in=\\"p0\\" in2=\\"p1\\" /><feBlend mode=\\"exclusion\\" in2=\\"p2\\" /><feBlend mode=\\"overlay\\" in2=\\"p3\\" result=\\"blendOut\\" /><feGaussianBlur in=\\"blendOut\\" stdDeviation=\\"42\\" /></filter> <clipPath id=\\"corners\\"><rect width=\\"290\\" height=\\"500\\" rx=\\"42\\" ry=\\"42\\" /></clipPath><path id=\\"text-path-a\\" d=\\"M40 12 H250 A28 28 0 0 1 278 40 V460 A28 28 0 0 1 250 488 H40 A28 28 0 0 1 12 460 V40 A28 28 0 0 1 40 12 z\\" /><path id=\\"minimap\\" d=\\"M234 444C234 457.949 242.21 463 253 463\\" /><filter id=\\"top-region-blur\\"><feGaussianBlur in=\\"SourceGraphic\\" stdDeviation=\\"24\\" /></filter><linearGradient id=\\"grad-up\\" x1=\\"1\\" x2=\\"0\\" y1=\\"1\\" y2=\\"0\\"><stop offset=\\"0.0\\" stop-color=\\"white\\" stop-opacity=\\"1\\" /><stop offset=\\".9\\" stop-color=\\"white\\" stop-opacity=\\"0\\" /></linearGradient><linearGradient id=\\"grad-down\\" x1=\\"0\\" x2=\\"1\\" y1=\\"0\\" y2=\\"1\\"><stop offset=\\"0.0\\" stop-color=\\"white\\" stop-opacity=\\"1\\" /><stop offset=\\"0.9\\" stop-color=\\"white\\" stop-opacity=\\"0\\" /></linearGradient><mask id=\\"fade-up\\" maskContentUnits=\\"objectBoundingBox\\"><rect width=\\"1\\" height=\\"1\\" fill=\\"url(#grad-up)\\" /></mask><mask id=\\"fade-down\\" maskContentUnits=\\"objectBoundingBox\\"><rect width=\\"1\\" height=\\"1\\" fill=\\"url(#grad-down)\\" /></mask><mask id=\\"none\\" maskContentUnits=\\"objectBoundingBox\\"><rect width=\\"1\\" height=\\"1\\" fill=\\"white\\" /></mask><linearGradient id=\\"grad-symbol\\"><stop offset=\\"0.7\\" stop-color=\\"white\\" stop-opacity=\\"1\\" /><stop offset=\\".95\\" stop-color=\\"white\\" stop-opacity=\\"0\\" /></linearGradient><mask id=\\"fade-symbol\\" maskContentUnits=\\"userSpaceOnUse\\"><rect width=\\"290px\\" height=\\"200px\\" fill=\\"url(#grad-symbol)\\" /></mask></defs><g clip-path=\\"url(#corners)\\"><rect fill=\\"123456\\" x=\\"0px\\" y=\\"0px\\" width=\\"290px\\" height=\\"500px\\" /><rect style=\\"filter: url(#f1)\\" x=\\"0px\\" y=\\"0px\\" width=\\"290px\\" height=\\"500px\\" /> <g style=\\"filter:url(#top-region-blur); transform:scale(1.5); transform-origin:center top;\\"><rect fill=\\"none\\" x=\\"0px\\" y=\\"0px\\" width=\\"290px\\" height=\\"500px\\" /><ellipse cx=\\"50%\\" cy=\\"0px\\" rx=\\"180px\\" ry=\\"120px\\" fill=\\"#000\\" opacity=\\"0.85\\" /></g><rect x=\\"0\\" y=\\"0\\" width=\\"290\\" height=\\"500\\" rx=\\"42\\" ry=\\"42\\" fill=\\"rgba(0,0,0,0)\\" stroke=\\"rgba(255,255,255,0.2)\\" /></g><text text-rendering=\\"optimizeSpeed\\"><textPath startOffset=\\"-100%\\" fill=\\"white\\" font-family=\\"'Courier New', monospace\\" font-size=\\"10px\\" xlink:href=\\"#text-path-a\\">0xabcdeabcdefabcdefabcdefabcdefabcdefabcdf • WETH <animate additive=\\"sum\\" attributeName=\\"startOffset\\" from=\\"0%\\" to=\\"100%\\" begin=\\"0s\\" dur=\\"30s\\" repeatCount=\\"indefinite\\" /></textPath> <textPath startOffset=\\"0%\\" fill=\\"white\\" font-family=\\"'Courier New', monospace\\" font-size=\\"10px\\" xlink:href=\\"#text-path-a\\">0xabcdeabcdefabcdefabcdefabcdefabcdefabcdf • WETH <animate additive=\\"sum\\" attributeName=\\"startOffset\\" from=\\"0%\\" to=\\"100%\\" begin=\\"0s\\" dur=\\"30s\\" repeatCount=\\"indefinite\\" /> </textPath><textPath startOffset=\\"50%\\" fill=\\"white\\" font-family=\\"'Courier New', monospace\\" font-size=\\"10px\\" xlink:href=\\"#text-path-a\\">0x1234567890123456789123456789012345678901 • UNI <animate additive=\\"sum\\" attributeName=\\"startOffset\\" from=\\"0%\\" to=\\"100%\\" begin=\\"0s\\" dur=\\"30s\\" repeatCount=\\"indefinite\\" /></textPath><textPath startOffset=\\"-50%\\" fill=\\"white\\" font-family=\\"'Courier New', monospace\\" font-size=\\"10px\\" xlink:href=\\"#text-path-a\\">0x1234567890123456789123456789012345678901 • UNI <animate additive=\\"sum\\" attributeName=\\"startOffset\\" from=\\"0%\\" to=\\"100%\\" begin=\\"0s\\" dur=\\"30s\\" repeatCount=\\"indefinite\\" /></textPath></text><g mask=\\"url(#fade-symbol)\\"><rect fill=\\"none\\" x=\\"0px\\" y=\\"0px\\" width=\\"290px\\" height=\\"200px\\" /> <text y=\\"70px\\" x=\\"32px\\" fill=\\"white\\" font-family=\\"'Courier New', monospace\\" font-weight=\\"200\\" font-size=\\"36px\\">UNI/WETH</text><text y=\\"115px\\" x=\\"32px\\" fill=\\"white\\" font-family=\\"'Courier New', monospace\\" font-weight=\\"200\\" font-size=\\"36px\\">0.05%</text></g><rect x=\\"16\\" y=\\"16\\" width=\\"258\\" height=\\"468\\" rx=\\"26\\" ry=\\"26\\" fill=\\"rgba(0,0,0,0)\\" stroke=\\"rgba(255,255,255,0.2)\\" /><g mask=\\"url(#none)\\" style=\\"transform:translate(72px,189px)\\"><rect x=\\"-16px\\" y=\\"-16px\\" width=\\"180px\\" height=\\"180px\\" fill=\\"none\\" /><path d=\\"M1 1C17 73 73 129 145 145\\" stroke=\\"rgba(0,0,0,0.3)\\" stroke-width=\\"32px\\" fill=\\"none\\" stroke-linecap=\\"round\\" /></g><g mask=\\"url(#none)\\" style=\\"transform:translate(72px,189px)\\"><rect x=\\"-16px\\" y=\\"-16px\\" width=\\"180px\\" height=\\"180px\\" fill=\\"none\\" /><path d=\\"M1 1C17 73 73 129 145 145\\" stroke=\\"rgba(255,255,255,1)\\" fill=\\"none\\" stroke-linecap=\\"round\\" /></g><circle cx=\\"73px\\" cy=\\"190px\\" r=\\"4px\\" fill=\\"white\\" /><circle cx=\\"217px\\" cy=\\"334px\\" r=\\"4px\\" fill=\\"white\\" /> <g style=\\"transform:translate(29px, 384px)\\"><rect width=\\"77px\\" height=\\"26px\\" rx=\\"8px\\" ry=\\"8px\\" fill=\\"rgba(0,0,0,0.6)\\" /><text x=\\"12px\\" y=\\"17px\\" font-family=\\"'Courier New', monospace\\" font-size=\\"12px\\" fill=\\"white\\"><tspan fill=\\"rgba(255,255,255,0.6)\\">ID: </tspan>123</text></g> <g style=\\"transform:translate(29px, 414px)\\"><rect width=\\"133px\\" height=\\"26px\\" rx=\\"8px\\" ry=\\"8px\\" fill=\\"rgba(0,0,0,0.6)\\" /><text x=\\"12px\\" y=\\"17px\\" font-family=\\"'Courier New', monospace\\" font-size=\\"12px\\" fill=\\"white\\"><tspan fill=\\"rgba(255,255,255,0.6)\\">Min Tick: </tspan>-1000</text></g> <g style=\\"transform:translate(29px, 444px)\\"><rect width=\\"126px\\" height=\\"26px\\" rx=\\"8px\\" ry=\\"8px\\" fill=\\"rgba(0,0,0,0.6)\\" /><text x=\\"12px\\" y=\\"17px\\" font-family=\\"'Courier New', monospace\\" font-size=\\"12px\\" fill=\\"white\\"><tspan fill=\\"rgba(255,255,255,0.6)\\">Max Tick: </tspan>2000</text></g><g style=\\"transform:translate(226px, 433px)\\"><rect width=\\"36px\\" height=\\"36px\\" rx=\\"8px\\" ry=\\"8px\\" fill=\\"none\\" stroke=\\"rgba(255,255,255,0.2)\\" /><path stroke-linecap=\\"round\\" d=\\"M8 9C8.00004 22.9494 16.2099 28 27 28\\" fill=\\"none\\" stroke=\\"white\\" /><circle style=\\"transform:translate3d(13px, 23px, 0px)\\" cx=\\"0px\\" cy=\\"0px\\" r=\\"4px\\" fill=\\"white\\"/></g></svg>"`;
