// Jest Snapshot v1, https://goo.gl/fbAQLP

exports[`NonfungiblePositionManager #burn gas 1`] = `108540`;

exports[`NonfungiblePositionManager #collect gas transfers both 1`] = `175707`;

exports[`NonfungiblePositionManager #collect gas transfers token0 only 1`] = `168652`;

exports[`NonfungiblePositionManager #collect gas transfers token1 only 1`] = `168859`;

exports[`NonfungiblePositionManager #decreaseLiquidity gas complete decrease 1`] = `195773`;

exports[`NonfungiblePositionManager #decreaseLiquidity gas partial decrease 1`] = `217307`;

exports[`NonfungiblePositionManager #increaseLiquidity gas 1`] = `232022`;

exports[`NonfungiblePositionManager #mint gas first mint for pool 1`] = `698259`;

exports[`NonfungiblePositionManager #mint gas first mint for pool using eth with non-zero refund 1`] = `705866`;

exports[`NonfungiblePositionManager #mint gas first mint for pool using eth with zero refund 1`] = `698641`;

exports[`NonfungiblePositionManager #mint gas mint for same pool, different ticks 1`] = `527865`;

exports[`NonfungiblePositionManager #mint gas mint on same ticks 1`] = `420743`;

exports[`NonfungiblePositionManager #permit owned by eoa gas 1`] = `69320`;

exports[`NonfungiblePositionManager #permit owned by verifying contract gas 1`] = `73159`;

exports[`NonfungiblePositionManager #positions gas 1`] = `22098`;

exports[`NonfungiblePositionManager #transferFrom, approve gas 1`] = `153381`;

exports[`NonfungiblePositionManager #transferFrom, approve gas comes from approved 1`] = `151952`;

exports[`NonfungiblePositionManager bytecode size 1`] = `24394`;

exports[`NonfungiblePositionManager multicall exit gas 1`] = `279441`;
