// Jest Snapshot v1, https://goo.gl/fbAQLP

exports[`SwapRouter gas tests #exactInput 0 -> 1 -> 2 1`] = `220257`;

exports[`SwapRouter gas tests #exactInput 0 -> 1 1`] = `155423`;

exports[`SwapRouter gas tests #exactInput 0 -> 1 minimal 1`] = `98059`;

exports[`SwapRouter gas tests #exactInput 0 -> WETH9 1`] = `173088`;

exports[`SwapRouter gas tests #exactInput 2 trades (via router) 1`] = `235612`;

exports[`SwapRouter gas tests #exactInput 3 trades (directly to sender) 1`] = `305937`;

exports[`SwapRouter gas tests #exactInput WETH9 -> 0 1`] = `154823`;

exports[`SwapRouter gas tests #exactInputSingle 0 -> 1 1`] = `154707`;

exports[`SwapRouter gas tests #exactInputSingle 0 -> WETH9 1`] = `172379`;

exports[`SwapRouter gas tests #exactInputSingle WETH9 -> 0 1`] = `154282`;

exports[`SwapRouter gas tests #exactOutput 0 -> 1 -> 2 1`] = `214218`;

exports[`SwapRouter gas tests #exactOutput 0 -> 1 1`] = `156587`;

exports[`SwapRouter gas tests #exactOutput 0 -> WETH9 1`] = `174288`;

exports[`SwapRouter gas tests #exactOutput WETH9 -> 0 1`] = `166088`;

exports[`SwapRouter gas tests #exactOutputSingle 0 -> 1 1`] = `156733`;

exports[`SwapRouter gas tests #exactOutputSingle 0 -> WETH9 1`] = `174409`;

exports[`SwapRouter gas tests #exactOutputSingle WETH9 -> 0 1`] = `161892`;

exports[`SwapRouter gas tests 3 trades (directly to sender) 1`] = `225543`;
